// Jest Snapshot v1, https://goo.gl/fbAQLP

exports[`basic 1`] = `
.c {
  padding: 4em;
  background: papayawhip;
}

.c-1 {
  font-size: 1.5em;
  text-align: center;
  color: palevioletred;
}

<section
  class="c"
  ref={undefined}
>
  <h1
    class="c-1"
    ref={undefined}
  >
    Hello World, this is my first styled component!
  </h1>
</section>
`;
